// Jest Snapshot v1, https://goo.gl/fbAQLP

exports[`BidderMetadata should instantiate with the correct values 1`] = `
BidderMetadata {
  "accountPublicKey": undefined,
  "auctionPubkey": PublicKey {
    "_bn": "00",
  },
  "bidderPubkey": PublicKey {
    "_bn": "00",
  },
  "cancelled": 0,
  "lastBid": "00",
  "lastBidTimestamp": "00",
}
`;
