// Jest Snapshot v1, https://goo.gl/fbAQLP

exports[`PriceFloor should instantiate with the correct values 1`] = `
PriceFloor {
  "hash": Uint8Array [
    0,
    0,
    0,
    0,
    0,
    0,
    0,
    0,
    0,
    0,
    0,
    0,
    0,
    0,
    0,
    0,
    0,
    0,
    0,
    0,
    0,
    0,
    0,
    0,
    0,
    0,
    0,
    0,
    0,
    0,
    0,
    0,
  ],
  "type": 1,
}
`;
